// Jest Snapshot v1, https://goo.gl/fbAQLP

exports[`Controls component render Controls component 1`] = `
<DocumentFragment>
  <section>
    <form
      class="Controls"
    >
      <input
        name="url"
        placeholder="URL"
        type="text"
        value="https://www.thecocktaildb.com/api/json/v1/1/random.php"
      />
      <section>
        <div>
          <input
            checked=""
            id="get"
            name="method"
            type="radio"
            value="GET"
          />
          <label
            for="get"
          >
            GET
          </label>
          <input
            id="post"
            name="method"
            type="radio"
            value="POST"
          />
          <label
            for="post"
          >
            POST
          </label>
          <input
            id="put"
            name="method"
            type="radio"
            value="PUT"
          />
          <label
            for="put"
          >
            PUT
          </label>
          <input
            id="patch"
            name="method"
            type="radio"
            value="PATCH"
          />
          <label
            for="patch"
          >
            PATCH
          </label>
          <input
            id="delete"
            name="method"
            type="radio"
            value="DELETE"
          />
          <label
            for="delete"
          >
            DELETE
          </label>
        </div>
        <textarea
          name="body"
          placeholder="Raw JSON Body"
        />
        <br />
        <button
          data-testid="button"
        >
          Send Request
        </button>
      </section>
    </form>
  </section>
</DocumentFragment>
`;
